// Jest Snapshot v1, https://goo.gl/fbAQLP

exports[`CosmeticsView component should match snapshot 1`] = `ShallowWrapper {}`;

exports[`CosmeticsView component should match snapshot 2`] = `ShallowWrapper {}`;

exports[`CosmeticsView should match snapshot 1`] = `ShallowWrapper {}`;
