// Jest Snapshot v1, https://goo.gl/fbAQLP

exports[`HomeView HomeView Component should match snapshot 1`] = `ShallowWrapper {}`;
