// Jest Snapshot v1, https://goo.gl/fbAQLP

exports[`StoreView StoreView Component should match snapshot 1`] = `ShallowWrapper {}`;
