// Jest Snapshot v1, https://goo.gl/fbAQLP

exports[`CosmeticItemContainer should match snapshot 1`] = `ShallowWrapper {}`;

exports[`Nav should match snapshot 1`] = `ShallowWrapper {}`;
