// Jest Snapshot v1, https://goo.gl/fbAQLP

exports[`HomeItem should match snapshot 1`] = `ShallowWrapper {}`;
